/Users/yaao20u291/STM32CubeIDE/workspace_1.13.1/ADC copy/CMSIS/Include/core_cm3.h:1511:22:__NVIC_EnableIRQ	16	static
/Users/yaao20u291/STM32CubeIDE/workspace_1.13.1/ADC copy/CMSIS/Include/core_cm3.h:1639:22:__NVIC_SetPriority	16	static
../Src/main.c:26:5:main	8	static
../Src/main.c:35:6:init_clk	4	static
../Src/main.c:64:6:SPI1_IRQHandler	4	static
../Src/main.c:77:6:SPI1_Init	8	static
../Src/main.c:104:6:init_adc1	8	static
../Src/main.c:131:6:Delay	24	static
../Src/main.c:137:6:SPI1_Tx	16	static
../Src/main.c:151:6:Adc_Measure	16	static
../Src/main.c:164:9:Read_ADC	16	static
../Src/main.c:173:6:initTIM2	8	static
../Src/main.c:185:6:TIM2_IRQHandler	8	static
